// Jest Snapshot v1, https://goo.gl/fbAQLP

exports[`>>>R O U T E S --- Snapshot +++capturing Snapshot from routes 1`] = `
<div>
  <div
    className="container"
  >
    <nav
      className="level"
    >
      <div
        className="level-left"
      >
        <a
          activeClassName="active"
          className="has-text-grey-dark"
          href="/"
          onClick={[Function]}
          style={
            Object {
              "marginLeft": 10,
              "marginRight": 10,
            }
          }
        >
          <i
            className="fa fa-ravelry fa-2x has-text-primary"
            style={
              Object {
                "marginBottom": 10,
                "marginTop": 20,
              }
            }
          />
        </a>
      </div>
      <div
        className="level-right"
      >
        <p
          className="level-item has-text-centered"
        >
          <a
            activeClassName="active"
            class="has-text-grey-dark"
            href="/uploadTrip"
            onClick={[Function]}
            style={
              Object {
                "marginLeft": 10,
                "marginRight": 10,
              }
            }
          >
             Upload Trip 
          </a>
        </p>
        <p
          className="level-item has-text-centered"
        >
          <a
            activeClassName="active"
            class="has-text-grey-dark"
            href="/cart"
            onClick={[Function]}
            style={
              Object {
                "marginLeft": 10,
                "marginRight": 10,
              }
            }
          >
             Cart 
          </a>
        </p>
        <p
          className="level-item has-text-centered invite-pop-up"
          onClick={[Function]}
        >
           Invite
          <section
            className="skylight-wrapper"
          >
            <div
              className="skylight-overlay"
              onClick={[Function]}
              style={
                Object {
                  "backgroundColor": "rgba(0,0,0,0.3)",
                  "display": "none",
                  "height": "100%",
                  "left": "0px",
                  "position": "fixed",
                  "top": "0px",
                  "transitionDuration": "200ms",
                  "transitionProperty": "all",
                  "transitionTimingFunction": "ease",
                  "width": "100%",
                  "zIndex": "99",
                }
              }
            />
            <div
              className="skylight-dialog"
              style={
                Object {
                  "backgroundColor": "#fff",
                  "borderRadius": "2px",
                  "boxShadow": "0px 0px 4px rgba(0,0,0,.14),0px 4px 8px rgba(0,0,0,.28)",
                  "height": "400px",
                  "left": "50%",
                  "marginLeft": "-25%",
                  "marginTop": "-200px",
                  "padding": "15px",
                  "position": "fixed",
                  "top": "50%",
                  "transform": "scale(0)",
                  "transitionDuration": "200ms",
                  "transitionProperty": "transform",
                  "transitionTimingFunction": "ease",
                  "width": "50%",
                  "zIndex": "100",
                }
              }
            >
              <a
                className="skylight-close-button"
                onClick={[Function]}
                role="button"
                style={
                  Object {
                    "cursor": "pointer",
                    "fontSize": "1.8em",
                    "position": "absolute",
                    "right": "10px",
                    "top": "0px",
                  }
                }
              >
                ×
              </a>
              <div
                className="column main-search"
              >
                <h1
                  className="title is-1 has-text-primary"
                >
                  PERI
                </h1>
                <h3
                  className="subtitle is-3"
                >
                  Inspire Friends
                </h3>
                <form>
                  <div
                    className="field is-grouped"
                  >
                    <div
                      className="control is-expanded"
                    >
                      <input
                        className="input is-large"
                        onChange={[Function]}
                        placeholder="Friends Email"
                        type="text"
                        value=""
                      />
                    </div>
                    <div
                      className="control"
                    >
                      <button
                        className="button is-primary is-large"
                        onClick={[Function]}
                      >
                        Invite
                      </button>
                    </div>
                  </div>
                </form>
              </div>
            </div>
          </section>
        </p>
        <p
          className="level-item has-text-centered"
        >
          <a
            activeClassName="active"
            class="has-text-grey-dark"
            href="/auth/google"
            style={
              Object {
                "marginLeft": 10,
                "marginRight": 10,
              }
            }
          >
             Login 
          </a>
        </p>
      </div>
    </nav>
  </div>
</div>
`;
